Archive member included to satisfy reference by file (symbol)

c:/program files/microchip/xc8/v2.35/avr/bin/../lib/gcc/avr/5.4.0/../../../../avr/lib/avr5/memx-const\libm.a(cmpsf2.o)
                              build/default/production/main.o (__ltsf2)
c:/program files/microchip/xc8/v2.35/avr/bin/../lib/gcc/avr/5.4.0/../../../../avr/lib/avr5/memx-const\libm.a(divsf3.o)
                              build/default/production/main.o (__divsf3)
c:/program files/microchip/xc8/v2.35/avr/bin/../lib/gcc/avr/5.4.0/../../../../avr/lib/avr5/memx-const\libm.a(divsf3x.o)
                              c:/program files/microchip/xc8/v2.35/avr/bin/../lib/gcc/avr/5.4.0/../../../../avr/lib/avr5/memx-const\libm.a(divsf3.o) (__divsf3x)
c:/program files/microchip/xc8/v2.35/avr/bin/../lib/gcc/avr/5.4.0/../../../../avr/lib/avr5/memx-const\libm.a(fixunssfsi.o)
                              build/default/production/main.o (__fixunssfsi)
c:/program files/microchip/xc8/v2.35/avr/bin/../lib/gcc/avr/5.4.0/../../../../avr/lib/avr5/memx-const\libm.a(fp_cmp.o)
                              c:/program files/microchip/xc8/v2.35/avr/bin/../lib/gcc/avr/5.4.0/../../../../avr/lib/avr5/memx-const\libm.a(cmpsf2.o) (__fp_cmp)
c:/program files/microchip/xc8/v2.35/avr/bin/../lib/gcc/avr/5.4.0/../../../../avr/lib/avr5/memx-const\libm.a(fp_inf.o)
                              c:/program files/microchip/xc8/v2.35/avr/bin/../lib/gcc/avr/5.4.0/../../../../avr/lib/avr5/memx-const\libm.a(divsf3x.o) (__fp_inf)
c:/program files/microchip/xc8/v2.35/avr/bin/../lib/gcc/avr/5.4.0/../../../../avr/lib/avr5/memx-const\libm.a(fp_nan.o)
                              c:/program files/microchip/xc8/v2.35/avr/bin/../lib/gcc/avr/5.4.0/../../../../avr/lib/avr5/memx-const\libm.a(divsf3x.o) (__fp_nan)
c:/program files/microchip/xc8/v2.35/avr/bin/../lib/gcc/avr/5.4.0/../../../../avr/lib/avr5/memx-const\libm.a(fp_pscA.o)
                              c:/program files/microchip/xc8/v2.35/avr/bin/../lib/gcc/avr/5.4.0/../../../../avr/lib/avr5/memx-const\libm.a(divsf3x.o) (__fp_pscA)
c:/program files/microchip/xc8/v2.35/avr/bin/../lib/gcc/avr/5.4.0/../../../../avr/lib/avr5/memx-const\libm.a(fp_pscB.o)
                              c:/program files/microchip/xc8/v2.35/avr/bin/../lib/gcc/avr/5.4.0/../../../../avr/lib/avr5/memx-const\libm.a(divsf3x.o) (__fp_pscB)
c:/program files/microchip/xc8/v2.35/avr/bin/../lib/gcc/avr/5.4.0/../../../../avr/lib/avr5/memx-const\libm.a(fp_round.o)
                              c:/program files/microchip/xc8/v2.35/avr/bin/../lib/gcc/avr/5.4.0/../../../../avr/lib/avr5/memx-const\libm.a(divsf3.o) (__fp_round)
c:/program files/microchip/xc8/v2.35/avr/bin/../lib/gcc/avr/5.4.0/../../../../avr/lib/avr5/memx-const\libm.a(fp_split3.o)
                              c:/program files/microchip/xc8/v2.35/avr/bin/../lib/gcc/avr/5.4.0/../../../../avr/lib/avr5/memx-const\libm.a(divsf3x.o) (__fp_split3)
c:/program files/microchip/xc8/v2.35/avr/bin/../lib/gcc/avr/5.4.0/../../../../avr/lib/avr5/memx-const\libm.a(fp_zero.o)
                              c:/program files/microchip/xc8/v2.35/avr/bin/../lib/gcc/avr/5.4.0/../../../../avr/lib/avr5/memx-const\libm.a(fixunssfsi.o) (__fp_zero)
c:/program files/microchip/xc8/v2.35/avr/bin/../lib/gcc/avr/5.4.0/../../../../avr/lib/avr5/memx-const\libm.a(gesf2.o)
                              build/default/production/main.o (__gtsf2)
c:/program files/microchip/xc8/v2.35/avr/bin/../lib/gcc/avr/5.4.0/../../../../avr/lib/avr5/memx-const\libm.a(mulsf3.o)
                              build/default/production/main.o (__mulsf3)
c:/program files/microchip/xc8/v2.35/avr/bin/../lib/gcc/avr/5.4.0/../../../../avr/lib/avr5/memx-const\libm.a(mulsf3x.o)
                              c:/program files/microchip/xc8/v2.35/avr/bin/../lib/gcc/avr/5.4.0/../../../../avr/lib/avr5/memx-const\libm.a(mulsf3.o) (__mulsf3x)
c:/program files/microchip/xc8/v2.35/avr/bin/../lib/gcc/avr/5.4.0/avr5/memx-const\libgcc.a(_divmodhi4.o)
                              build/default/production/sab82532.o (__divmodhi4)
c:/program files/microchip/xc8/v2.35/avr/bin/../lib/gcc/avr/5.4.0/avr5/memx-const\libgcc.a(_udivmodsi4.o)
                              build/default/production/sab82532.o (__udivmodsi4)
c:/program files/microchip/xc8/v2.35/avr/bin/../lib/gcc/avr/5.4.0/avr5/memx-const\libgcc.a(_tablejump2.o)
                              build/default/production/rs232_ifc.o (__tablejump2__)
c:/program files/microchip/xc8/v2.35/avr/bin/../lib/gcc/avr/5.4.0/avr5/memx-const\libgcc.a(_copy_data.o)
                              build/default/production/gpio_drv.o (__do_copy_data)
c:/program files/microchip/xc8/v2.35/avr/bin/../lib/gcc/avr/5.4.0/avr5/memx-const\libgcc.a(_udivmodhi4.o)
                              c:/program files/microchip/xc8/v2.35/avr/bin/../lib/gcc/avr/5.4.0/avr5/memx-const\libgcc.a(_divmodhi4.o) (__udivmodhi4)
c:/program files/microchip/xc8/v2.35/avr/bin/../lib/gcc/avr/5.4.0/../../../../avr/lib/avr5/memx-const\libc.a(exit.o)
[...]
Memory Configuration

Name             Origin             Length             Attributes
text             0x0000000000000000 0x0000000000004000 xr
data             0x0000000000800100 0x0000000000000400 rw !x
eeprom           0x0000000000810000 0x0000000000000200 rw !x
fuse             0x0000000000820000 0x0000000000000003 rw !x
lock             0x0000000000830000 0x0000000000000400 rw !x
signature        0x0000000000840000 0x0000000000000400 rw !x
user_signatures  0x0000000000850000 0x0000000000000400 rw !x
*default*        0x0000000000000000 0xffffffffffffffff

Linker script and memory map

Address of section .data set to 0x800100
LOAD C:/Program Files/Microchip/MPLABX/v6.00/packs/Microchip/ATmega_DFP/2.4.131/xc8/avr/lib/avr5/memx-const/crtatmega162.o
                0x0000000000000001                __MPLAB_BUILD = 0x1
LOAD build/default/production/main.o
LOAD build/default/production/gpio_drv.o
LOAD build/default/production/sab82532.o
LOAD build/default/production/rs232_ifc.o
LOAD build/default/production/rs485_ifc.o
LOAD build/default/production/int0_drv.o
START GROUP
LOAD c:/program files/microchip/xc8/v2.35/avr/bin/../lib/gcc/avr/5.4.0/../../../../avr/lib/avr5/memx-const\libm.a
END GROUP
START GROUP
LOAD c:/program files/microchip/xc8/v2.35/avr/bin/../lib/gcc/avr/5.4.0/avr5/memx-const\libgcc.a
LOAD c:/program files/microchip/xc8/v2.35/avr/bin/../lib/gcc/avr/5.4.0/../../../../avr/lib/avr5/memx-const\libm.a
LOAD c:/program files/microchip/xc8/v2.35/avr/bin/../lib/gcc/avr/5.4.0/../../../../avr/lib/avr5/memx-const\libc.a
LOAD C:/Program Files/Microchip/MPLABX/v6.00/packs/Microchip/ATmega_DFP/2.4.131/xc8/avr/lib/avr5/memx-const\libatmega162.a
END GROUP
                0x0000000000000000                __TEXT_REGION_ORIGIN__ = DEFINED (__TEXT_REGION_ORIGIN__)?__TEXT_REGION_ORIGIN__:0x0
                [0x0000000000800100]                __DATA_REGION_ORIGIN__ = DEFINED (__DATA_REGION_ORIGIN__)?__DATA_REGION_ORIGIN__:0x800060
                [0x0000000000004000]                __TEXT_REGION_LENGTH__ = DEFINED (__TEXT_REGION_LENGTH__)?__TEXT_REGION_LENGTH__:0x20000
                [0x0000000000000400]                __DATA_REGION_LENGTH__ = DEFINED (__DATA_REGION_LENGTH__)?__DATA_REGION_LENGTH__:0xffa0
                [0x0000000000000200]                __EEPROM_REGION_LENGTH__ = DEFINED (__EEPROM_REGION_LENGTH__)?__EEPROM_REGION_LENGTH__:0x10000
                [0x0000000000000003]                __FUSE_REGION_LENGTH__ = DEFINED (__FUSE_REGION_LENGTH__)?__FUSE_REGION_LENGTH__:0x400
                0x0000000000000400                __LOCK_REGION_LENGTH__ = DEFINED (__LOCK_REGION_LENGTH__)?__LOCK_REGION_LENGTH__:0x400
                0x0000000000000400                __SIGNATURE_REGION_LENGTH__ = DEFINED (__SIGNATURE_REGION_LENGTH__)?__SIGNATURE_REGION_LENGTH__:0x400
                0x0000000000000400                __USER_SIGNATURE_REGION_LENGTH__ = DEFINED (__USER_SIGNATURE_REGION_LENGTH__)?__USER_SIGNATURE_REGION_LENGTH__:0x400

.hash
 *(.hash)

.dynsym
 *(.dynsym)

.dynstr
 *(.dynstr)

.gnu.version
 *(.gnu.version)

.gnu.version_d
 *(.gnu.version_d)

.gnu.version_r
 *(.gnu.version_r)

.rel.init
 *(.rel.init)

.rela.init
 *(.rela.init)

.rel.text
 *(.rel.text)
 *(.rel.text.*)
 *(.rel.gnu.linkonce.t*)

.rela.text
 *(.rela.text)
 *(.rela.text.*)
 *(.rela.gnu.linkonce.t*)

.rel.fini
 *(.rel.fini)

.rela.fini
 *(.rela.fini)

.rel.rodata
 *(.rel.rodata)
 *(.rel.rodata.*)
 *(.rel.gnu.linkonce.r*)

.rela.rodata
 *(.rela.rodata)
 *(.rela.rodata.*)
 *(.rela.gnu.linkonce.r*)

.rel.data
 *(.rel.data)
 *(.rel.data.*)
 *(.rel.gnu.linkonce.d*)

.rela.data
 *(.rela.data)
 *(.rela.data.*)
 *(.rela.gnu.linkonce.d*)

.rel.ctors
 *(.rel.ctors)

.rela.ctors
 *(.rela.ctors)

.rel.dtors
 *(.rel.dtors)

.rela.dtors
 *(.rela.dtors)

.rel.got
 *(.rel.got)

.rela.got
 *(.rela.got)

.rel.bss
 *(.rel.bss)

.rela.bss
 *(.rela.bss)

.rel.plt
 *(.rel.plt)

.rela.plt
 *(.rela.plt)

.text           0x0000000000000000      0x102
 *(.vectors)
 .vectors       0x0000000000000000       0x70 C:/Program Files/Microchip/MPLABX/v6.00/packs/Microchip/ATmega_DFP/2.4.131/xc8/avr/lib/avr5/memx-const/crtatmega162.o
                0x0000000000000000                __vector_default
                0x0000000000000000                __vectors
 *(.vectors)
 *(.progmem.gcc*)
 .progmem.gcc_sw_table.CLI_Interface
                0x0000000000000070       0x2c build/default/production/rs232_ifc.o
 *(.dinit)
 .dinit         0x000000000000009c       0x11 data_init
                0x00000000000000ae                . = ALIGN (0x2)
 *fill*         0x00000000000000ad        0x1 
                0x00000000000000ae                __trampolines_start = .
 *(.trampolines)
 .trampolines   0x00000000000000ae        0x0 linker stubs
 *(.trampolines*)
                0x00000000000000ae                __trampolines_end = .
 *libprintf_flt.a:*(.progmem.data)
 *libc.a:*(.progmem.data)
                0x00000000000000ae                . = ALIGN (0x2)
 *(.jumptables)
 *(.jumptables*)
 *(.lowtext)
 *(.lowtext*)
                0x00000000000000ae                __ctors_start = .
 *(.ctors)
                0x00000000000000ae                __ctors_end = .
                0x00000000000000ae                __dtors_start = .
 *(.dtors)
                0x00000000000000ae                __dtors_end = .
 SORT(*)(.ctors)
 SORT(*)(.dtors)
 *(.init0)
 .init0         0x00000000000000ae        0x0 C:/Program Files/Microchip/MPLABX/v6.00/packs/Microchip/ATmega_DFP/2.4.131/xc8/avr/lib/avr5/memx-const/crtatmega162.o
                0x00000000000000ae                __init
 *(.init0)
 *(.init1)
 *(.init1)
 *(.init2)
 .init2         0x00000000000000ae        0xc C:/Program Files/Microchip/MPLABX/v6.00/packs/Microchip/ATmega_DFP/2.4.131/xc8/avr/lib/avr5/memx-const/crtatmega162.o
 *(.init2)
 *(.init3)
 *(.init3)
 *(.init4)
 .init4         0x00000000000000ba       0x3c c:/program files/microchip/xc8/v2.35/avr/bin/../lib/gcc/avr/5.4.0/avr5/memx-const\libgcc.a(_copy_data.o)
                0x00000000000000ba                __do_copy_data
                0x00000000000000e8                __do_clear_bss
 *(.init4)
 *(.init5)
 *(.init5)
 *(.init6)
 *(.init6)
 *(.init7)
 *(.init7)
 *(.init8)
 *(.init8)
 *(.init9)
 .init9         0x00000000000000f6        0x8 C:/Program Files/Microchip/MPLABX/v6.00/packs/Microchip/ATmega_DFP/2.4.131/xc8/avr/lib/avr5/memx-const/crtatmega162.o
 *(.init9)
                0x00000000000000fe                . = ALIGN (0x2)
 *(.fini9)
 .fini9         0x00000000000000fe        0x0 c:/program files/microchip/xc8/v2.35/avr/bin/../lib/gcc/avr/5.4.0/avr5/memx-const\libgcc.a(_exit.o)
                0x00000000000000fe                _exit
 *(.fini9)
 *(.fini8)
 *(.fini8)
 *(.fini7)
 *(.fini7)
 *(.fini6)
 *(.fini6)
 *(.fini5)
 *(.fini5)
 *(.fini4)
 *(.fini4)
 *(.fini3)
 *(.fini3)
 *(.fini2)
 *(.fini2)
 *(.fini1)
 *(.fini1)
 *(.fini0)
 .fini0         0x00000000000000fe        0x4 c:/program files/microchip/xc8/v2.35/avr/bin/../lib/gcc/avr/5.4.0/avr5/memx-const\libgcc.a(_exit.o)
 *(.fini0)
                0x0000000000000102                _etext = .

.data           0x0000000000800100        0x0 load address 0x0000000000000102
                [!provide]                        PROVIDE (__data_start, .)
 *(.gnu.linkonce.d*)
 *(.gnu.linkonce.r*)
                0x0000000000800100                . = ALIGN (0x2)
                0x0000000000800100                _edata = .
                [!provide]                        PROVIDE (__data_end, .)

.bss            0x0000000000800100        0x2
                [!provide]                        PROVIDE (__bss_start, .)
 *(COMMON)
 COMMON         0x0000000000800100        0x2 c:/program files/microchip/xc8/v2.35/avr/bin/../lib/gcc/avr/5.4.0/../../../../avr/lib/avr5/memx-const\libc.a(errno.o)
                0x0000000000800100                __errno_val
                [!provide]                        PROVIDE (__bss_end, .)
                0x0000000000000102                __data_load_start = LOADADDR (.data)
                0x0000000000000102                __data_load_end = (__data_load_start + SIZEOF (.data))

.noinit         0x0000000000800102        0x0
                [!provide]                        PROVIDE (__noinit_start, .)
 *(.noinit*)
                [!provide]                        PROVIDE (__noinit_end, .)
                0x0000000000800102                _end = .

.eeprom         0x0000000000810000        0x0
 *(.eeprom*)
                0x0000000000810000                __eeprom_end = .

.fuse
 *(.fuse)
 *(.lfuse)
 *(.hfuse)
 *(.efuse)

.lock
 *(.lock*)

.signature
 *(.signature*)

.user_signatures
 *(.user_signatures*)

.stab
 *(.stab)

.stabstr
 *(.stabstr)

.stab.excl
 *(.stab.excl)

.stab.exclstr
 *(.stab.exclstr)

.stab.index
 *(.stab.index)

.stab.indexstr
 *(.stab.indexstr)

.comment        0x0000000000000000       0x2f
 *(.comment)
 .comment       0x0000000000000000       0x2f build/default/production/main.o
                                         0x30 (size before relaxing)
 .comment       0x000000000000002f       0x30 build/default/production/sab82532.o
 .comment       0x000000000000002f       0x30 build/default/production/rs232_ifc.o
 .comment       0x000000000000002f       0x30 build/default/production/int0_drv.o
 .comment       0x000000000000002f       0x30 c:/program files/microchip/xc8/v2.35/avr/bin/../lib/gcc/avr/5.4.0/../../../../avr/lib/avr5/memx-const\libc.a(exit.o)
 .comment       0x000000000000002f       0x30 c:/program files/microchip/xc8/v2.35/avr/bin/../lib/gcc/avr/5.4.0/../../../../avr/lib/avr5/memx-const\libc.a(__sio_printf_dosux.o)
 .comment       0x000000000000002f       0x30 c:/program files/microchip/xc8/v2.35/avr/bin/../lib/gcc/avr/5.4.0/../../../../avr/lib/avr5/memx-const\libc.a(__fmt_s.o)
 .comment       0x000000000000002f       0x30 c:/program files/microchip/xc8/v2.35/avr/bin/../lib/gcc/avr/5.4.0/../../../../avr/lib/avr5/memx-const\libc.a(__printf_core.o)
 .comment       0x000000000000002f       0x30 c:/program files/microchip/xc8/v2.35/avr/bin/../lib/gcc/avr/5.4.0/../../../../avr/lib/avr5/memx-const\libc.a(fputc.o)
 .comment       0x000000000000002f       0x30 c:/program files/microchip/xc8/v2.35/avr/bin/../lib/gcc/avr/5.4.0/../../../../avr/lib/avr5/memx-const\libc.a(stdout.o)
 .comment       0x000000000000002f       0x30 c:/program files/microchip/xc8/v2.35/avr/bin/../lib/gcc/avr/5.4.0/../../../../avr/lib/avr5/memx-const\libc.a(__fmt_d.o)
 .comment       0x000000000000002f       0x30 c:/program files/microchip/xc8/v2.35/avr/bin/../lib/gcc/avr/5.4.0/../../../../avr/lib/avr5/memx-const\libc.a(__fmt_o.o)
 .comment       0x000000000000002f       0x30 c:/program files/microchip/xc8/v2.35/avr/bin/../lib/gcc/avr/5.4.0/../../../../avr/lib/avr5/memx-const\libc.a(__fmt_u.o)
 .comment       0x000000000000002f       0x30 c:/program files/microchip/xc8/v2.35/avr/bin/../lib/gcc/avr/5.4.0/../../../../avr/lib/avr5/memx-const\libc.a(__fmt_x.o)
 .comment       0x000000000000002f       0x30 c:/program files/microchip/xc8/v2.35/avr/bin/../lib/gcc/avr/5.4.0/../../../../avr/lib/avr5/memx-const\libc.a(__pop_float.o)
 .comment       0x000000000000002f       0x30 c:/program files/microchip/xc8/v2.35/avr/bin/../lib/gcc/avr/5.4.0/../../../../avr/lib/avr5/memx-const\libc.a(__pop_int.o)
 .comment       0x000000000000002f       0x30 c:/program files/microchip/xc8/v2.35/avr/bin/../lib/gcc/avr/5.4.0/../../../../avr/lib/avr5/memx-const\libc.a(__pop_ptr.o)
 .comment       0x000000000000002f       0x30 c:/program files/microchip/xc8/v2.35/avr/bin/../lib/gcc/avr/5.4.0/../../../../avr/lib/avr5/memx-const\libc.a(atoi.o)
 .comment       0x000000000000002f       0x30 c:/program files/microchip/xc8/v2.35/avr/bin/../lib/gcc/avr/5.4.0/../../../../avr/lib/avr5/memx-const\libc.a(memcpy.o)
 .comment       0x000000000000002f       0x30 c:/program files/microchip/xc8/v2.35/avr/bin/../lib/gcc/avr/5.4.0/../../../../avr/lib/avr5/memx-const\libc.a(memset.o)
 .comment       0x000000000000002f       0x30 c:/program files/microchip/xc8/v2.35/avr/bin/../lib/gcc/avr/5.4.0/../../../../avr/lib/avr5/memx-const\libc.a(strlen.o)
 .comment       0x000000000000002f       0x30 c:/program files/microchip/xc8/v2.35/avr/bin/../lib/gcc/avr/5.4.0/../../../../avr/lib/avr5/memx-const\libc.a(tolower.o)
 .comment       0x000000000000002f       0x30 c:/program files/microchip/xc8/v2.35/avr/bin/../lib/gcc/avr/5.4.0/../../../../avr/lib/avr5/memx-const\libc.a(toupper.o)
 .comment       0x000000000000002f       0x30 c:/program files/microchip/xc8/v2.35/avr/bin/../lib/gcc/avr/5.4.0/../../../../avr/lib/avr5/memx-const\libc.a(errno.o)
 .comment       0x000000000000002f       0x30 c:/program files/microchip/xc8/v2.35/avr/bin/../lib/gcc/avr/5.4.0/../../../../avr/lib/avr5/memx-const\libc.a(_Exit.o)
 .comment       0x000000000000002f       0x30 c:/program files/microchip/xc8/v2.35/avr/bin/../lib/gcc/avr/5.4.0/../../../../avr/lib/avr5/memx-const\libc.a(__int_vfprintf.o)

.stack.descriptors.hdr
                0x0000000000000000      0x16c
 .stack.descriptors.hdr
                0x0000000000000000        0xe c:/program files/microchip/xc8/v2.35/avr/bin/../lib/gcc/avr/5.4.0/../../../../avr/lib/avr5/memx-const\libm.a(cmpsf2.o)
 .stack.descriptors.hdr
                0x000000000000000e        0xe c:/program files/microchip/xc8/v2.35/avr/bin/../lib/gcc/avr/5.4.0/../../../../avr/lib/avr5/memx-const\libm.a(divsf3.o)
 .stack.descriptors.hdr
                0x000000000000001c        0xe c:/program files/microchip/xc8/v2.35/avr/bin/../lib/gcc/avr/5.4.0/../../../../avr/lib/avr5/memx-const\libm.a(divsf3x.o)
 .stack.descriptors.hdr
                0x000000000000002a        0xe c:/program files/microchip/xc8/v2.35/avr/bin/../lib/gcc/avr/5.4.0/../../../../avr/lib/avr5/memx-const\libm.a(fixunssfsi.o)
 .stack.descriptors.hdr
                0x0000000000000038        0xe c:/program files/microchip/xc8/v2.35/avr/bin/../lib/gcc/avr/5.4.0/../../../../avr/lib/avr5/memx-const\libm.a(fp_cmp.o)
 .stack.descriptors.hdr
                0x0000000000000046        0xe c:/program files/microchip/xc8/v2.35/avr/bin/../lib/gcc/avr/5.4.0/../../../../avr/lib/avr5/memx-const\libm.a(fp_inf.o)
 .stack.descriptors.hdr
                0x0000000000000054        0xe c:/program files/microchip/xc8/v2.35/avr/bin/../lib/gcc/avr/5.4.0/../../../../avr/lib/avr5/memx-const\libm.a(fp_nan.o)
 .stack.descriptors.hdr
                0x0000000000000062        0xe c:/program files/microchip/xc8/v2.35/avr/bin/../lib/gcc/avr/5.4.0/../../../../avr/lib/avr5/memx-const\libm.a(fp_pscA.o)
 .stack.descriptors.hdr
                0x0000000000000070        0xe c:/program files/microchip/xc8/v2.35/avr/bin/../lib/gcc/avr/5.4.0/../../../../avr/lib/avr5/memx-const\libm.a(fp_pscB.o)
 .stack.descriptors.hdr
                0x000000000000007e        0xe c:/program files/microchip/xc8/v2.35/avr/bin/../lib/gcc/avr/5.4.0/../../../../avr/lib/avr5/memx-const\libm.a(fp_round.o)
 .stack.descriptors.hdr
                0x000000000000008c        0xe c:/program files/microchip/xc8/v2.35/avr/bin/../lib/gcc/avr/5.4.0/../../../../avr/lib/avr5/memx-const\libm.a(fp_split3.o)
 .stack.descriptors.hdr
                0x000000000000009a        0xe c:/program files/microchip/xc8/v2.35/avr/bin/../lib/gcc/avr/5.4.0/../../../../avr/lib/avr5/memx-const\libm.a(fp_zero.o)
 .stack.descriptors.hdr
                0x00000000000000a8        0xe c:/program files/microchip/xc8/v2.35/avr/bin/../lib/gcc/avr/5.4.0/../../../../avr/lib/avr5/memx-const\libm.a(gesf2.o)
 .stack.descriptors.hdr
                0x00000000000000b6        0xe c:/program files/microchip/xc8/v2.35/avr/bin/../lib/gcc/avr/5.4.0/../../../../avr/lib/avr5/memx-const\libm.a(mulsf3.o)
 .stack.descriptors.hdr
                0x00000000000000c4        0xe c:/program files/microchip/xc8/v2.35/avr/bin/../lib/gcc/avr/5.4.0/../../../../avr/lib/avr5/memx-const\libm.a(mulsf3x.o)
 .stack.descriptors.hdr
                0x00000000000000d2        0xe c:/program files/microchip/xc8/v2.35/avr/bin/../lib/gcc/avr/5.4.0/avr5/memx-const\libgcc.a(_divmodhi4.o)
 .stack.descriptors.hdr
                0x00000000000000e0        0xe c:/program files/microchip/xc8/v2.35/avr/bin/../lib/gcc/avr/5.4.0/avr5/memx-const\libgcc.a(_udivmodsi4.o)
 .stack.descriptors.hdr
                0x00000000000000ee        0xe c:/program files/microchip/xc8/v2.35/avr/bin/../lib/gcc/avr/5.4.0/avr5/memx-const\libgcc.a(_tablejump2.o)
 .stack.descriptors.hdr
                0x00000000000000fc        0xe c:/program files/microchip/xc8/v2.35/avr/bin/../lib/gcc/avr/5.4.0/avr5/memx-const\libgcc.a(_udivmodhi4.o)
 .stack.descriptors.hdr
                0x000000000000010a        0xe c:/program files/microchip/xc8/v2.35/avr/bin/../lib/gcc/avr/5.4.0/avr5/memx-const\libgcc.a(_exit.o)
 .stack.descriptors.hdr
                0x0000000000000118        0xe c:/program files/microchip/xc8/v2.35/avr/bin/../lib/gcc/avr/5.4.0/avr5/memx-const\libgcc.a(_udivdi3.o)
 .stack.descriptors.hdr
                0x0000000000000126        0xe c:/program files/microchip/xc8/v2.35/avr/bin/../lib/gcc/avr/5.4.0/avr5/memx-const\libgcc.a(_udivmod64.o)
 .stack.descriptors.hdr
                0x0000000000000134        0xe c:/program files/microchip/xc8/v2.35/avr/bin/../lib/gcc/avr/5.4.0/avr5/memx-const\libgcc.a(_negdi2.o)
 .stack.descriptors.hdr
                0x0000000000000142        0xe c:/program files/microchip/xc8/v2.35/avr/bin/../lib/gcc/avr/5.4.0/avr5/memx-const\libgcc.a(_movmemx.o)
 .stack.descriptors.hdr
                0x0000000000000150        0xe c:/program files/microchip/xc8/v2.35/avr/bin/../lib/gcc/avr/5.4.0/avr5/memx-const\libgcc.a(_ashrdi3.o)
 .stack.descriptors.hdr
                0x000000000000015e        0xe c:/program files/microchip/xc8/v2.35/avr/bin/../lib/gcc/avr/5.4.0/avr5/memx-const\libgcc.a(_cmpdi2_s8.o)

.note.GNU-stack
                0x0000000000000000        0x0
 .note.GNU-stack
                0x0000000000000000        0x0 c:/program files/microchip/xc8/v2.35/avr/bin/../lib/gcc/avr/5.4.0/../../../../avr/lib/avr5/memx-const\libm.a(cmpsf2.o)
 .note.GNU-stack
                0x0000000000000000        0x0 c:/program files/microchip/xc8/v2.35/avr/bin/../lib/gcc/avr/5.4.0/../../../../avr/lib/avr5/memx-const\libm.a(divsf3.o)
 .note.GNU-stack
                0x0000000000000000        0x0 c:/program files/microchip/xc8/v2.35/avr/bin/../lib/gcc/avr/5.4.0/../../../../avr/lib/avr5/memx-const\libm.a(divsf3x.o)
 .note.GNU-stack
                0x0000000000000000        0x0 c:/program files/microchip/xc8/v2.35/avr/bin/../lib/gcc/avr/5.4.0/../../../../avr/lib/avr5/memx-const\libm.a(fixunssfsi.o)
 .note.GNU-stack
                0x0000000000000000        0x0 c:/program files/microchip/xc8/v2.35/avr/bin/../lib/gcc/avr/5.4.0/../../../../avr/lib/avr5/memx-const\libm.a(fp_cmp.o)
 .note.GNU-stack
                0x0000000000000000        0x0 c:/program files/microchip/xc8/v2.35/avr/bin/../lib/gcc/avr/5.4.0/../../../../avr/lib/avr5/memx-const\libm.a(fp_inf.o)
 .note.GNU-stack
                0x0000000000000000        0x0 c:/program files/microchip/xc8/v2.35/avr/bin/../lib/gcc/avr/5.4.0/../../../../avr/lib/avr5/memx-const\libm.a(fp_nan.o)
 .note.GNU-stack
                0x0000000000000000        0x0 c:/program files/microchip/xc8/v2.35/avr/bin/../lib/gcc/avr/5.4.0/../../../../avr/lib/avr5/memx-const\libm.a(fp_pscA.o)
 .note.GNU-stack
                0x0000000000000000        0x0 c:/program files/microchip/xc8/v2.35/avr/bin/../lib/gcc/avr/5.4.0/../../../../avr/lib/avr5/memx-const\libm.a(fp_pscB.o)
 .note.GNU-stack
                0x0000000000000000        0x0 c:/program files/microchip/xc8/v2.35/avr/bin/../lib/gcc/avr/5.4.0/../../../../avr/lib/avr5/memx-const\libm.a(fp_round.o)
 .note.GNU-stack
                0x0000000000000000        0x0 c:/program files/microchip/xc8/v2.35/avr/bin/../lib/gcc/avr/5.4.0/../../../../avr/lib/avr5/memx-const\libm.a(fp_split3.o)
 .note.GNU-stack
                0x0000000000000000        0x0 c:/program files/microchip/xc8/v2.35/avr/bin/../lib/gcc/avr/5.4.0/../../../../avr/lib/avr5/memx-const\libm.a(fp_zero.o)
 .note.GNU-stack
                0x0000000000000000        0x0 c:/program files/microchip/xc8/v2.35/avr/bin/../lib/gcc/avr/5.4.0/../../../../avr/lib/avr5/memx-const\libm.a(gesf2.o)
 .note.GNU-stack
                0x0000000000000000        0x0 c:/program files/microchip/xc8/v2.35/avr/bin/../lib/gcc/avr/5.4.0/../../../../avr/lib/avr5/memx-const\libm.a(mulsf3.o)
 .note.GNU-stack
                0x0000000000000000        0x0 c:/program files/microchip/xc8/v2.35/avr/bin/../lib/gcc/avr/5.4.0/../../../../avr/lib/avr5/memx-const\libm.a(mulsf3x.o)
 .note.GNU-stack
                0x0000000000000000        0x0 c:/program files/microchip/xc8/v2.35/avr/bin/../lib/gcc/avr/5.4.0/../../../../avr/lib/avr5/memx-const\libc.a(exit.o)
 .note.GNU-stack
                0x0000000000000000        0x0 c:/program files/microchip/xc8/v2.35/avr/bin/../lib/gcc/avr/5.4.0/../../../../avr/lib/avr5/memx-const\libc.a(__sio_printf_dosux.o)
 .note.GNU-stack
                0x0000000000000000        0x0 c:/program files/microchip/xc8/v2.35/avr/bin/../lib/gcc/avr/5.4.0/../../../../avr/lib/avr5/memx-const\libc.a(__fmt_s.o)
 .note.GNU-stack
                0x0000000000000000        0x0 c:/program files/microchip/xc8/v2.35/avr/bin/../lib/gcc/avr/5.4.0/../../../../avr/lib/avr5/memx-const\libc.a(__printf_core.o)
 .note.GNU-stack
                0x0000000000000000        0x0 c:/program files/microchip/xc8/v2.35/avr/bin/../lib/gcc/avr/5.4.0/../../../../avr/lib/avr5/memx-const\libc.a(fputc.o)
 .note.GNU-stack
                0x0000000000000000        0x0 c:/program files/microchip/xc8/v2.35/avr/bin/../lib/gcc/avr/5.4.0/../../../../avr/lib/avr5/memx-const\libc.a(stdout.o)
 .note.GNU-stack
                0x0000000000000000        0x0 c:/program files/microchip/xc8/v2.35/avr/bin/../lib/gcc/avr/5.4.0/../../../../avr/lib/avr5/memx-const\libc.a(__fmt_d.o)
 .note.GNU-stack
                0x0000000000000000        0x0 c:/program files/microchip/xc8/v2.35/avr/bin/../lib/gcc/avr/5.4.0/../../../../avr/lib/avr5/memx-const\libc.a(__fmt_o.o)
 .note.GNU-stack
                0x0000000000000000        0x0 c:/program files/microchip/xc8/v2.35/avr/bin/../lib/gcc/avr/5.4.0/../../../../avr/lib/avr5/memx-const\libc.a(__fmt_u.o)
 .note.GNU-stack
                0x0000000000000000        0x0 c:/program files/microchip/xc8/v2.35/avr/bin/../lib/gcc/avr/5.4.0/../../../../avr/lib/avr5/memx-const\libc.a(__fmt_x.o)
 .note.GNU-stack
                0x0000000000000000        0x0 c:/program files/microchip/xc8/v2.35/avr/bin/../lib/gcc/avr/5.4.0/../../../../avr/lib/avr5/memx-const\libc.a(__pop_float.o)
 .note.GNU-stack
                0x0000000000000000        0x0 c:/program files/microchip/xc8/v2.35/avr/bin/../lib/gcc/avr/5.4.0/../../../../avr/lib/avr5/memx-const\libc.a(__pop_int.o)
 .note.GNU-stack
                0x0000000000000000        0x0 c:/program files/microchip/xc8/v2.35/avr/bin/../lib/gcc/avr/5.4.0/../../../../avr/lib/avr5/memx-const\libc.a(__pop_ptr.o)
 .note.GNU-stack
                0x0000000000000000        0x0 c:/program files/microchip/xc8/v2.35/avr/bin/../lib/gcc/avr/5.4.0/../../../../avr/lib/avr5/memx-const\libc.a(atoi.o)
 .note.GNU-stack
                0x0000000000000000        0x0 c:/program files/microchip/xc8/v2.35/avr/bin/../lib/gcc/avr/5.4.0/../../../../avr/lib/avr5/memx-const\libc.a(memcpy.o)
 .note.GNU-stack
                0x0000000000000000        0x0 c:/program files/microchip/xc8/v2.35/avr/bin/../lib/gcc/avr/5.4.0/../../../../avr/lib/avr5/memx-const\libc.a(memset.o)
 .note.GNU-stack
                0x0000000000000000        0x0 c:/program files/microchip/xc8/v2.35/avr/bin/../lib/gcc/avr/5.4.0/../../../../avr/lib/avr5/memx-const\libc.a(strlen.o)
 .note.GNU-stack
                0x0000000000000000        0x0 c:/program files/microchip/xc8/v2.35/avr/bin/../lib/gcc/avr/5.4.0/../../../../avr/lib/avr5/memx-const\libc.a(tolower.o)
 .note.GNU-stack
                0x0000000000000000        0x0 c:/program files/microchip/xc8/v2.35/avr/bin/../lib/gcc/avr/5.4.0/../../../../avr/lib/avr5/memx-const\libc.a(toupper.o)
 .note.GNU-stack
                0x0000000000000000        0x0 c:/program files/microchip/xc8/v2.35/avr/bin/../lib/gcc/avr/5.4.0/../../../../avr/lib/avr5/memx-const\libc.a(errno.o)
 .note.GNU-stack
                0x0000000000000000        0x0 c:/program files/microchip/xc8/v2.35/avr/bin/../lib/gcc/avr/5.4.0/../../../../avr/lib/avr5/memx-const\libc.a(_Exit.o)
 .note.GNU-stack
                0x0000000000000000        0x0 c:/program files/microchip/xc8/v2.35/avr/bin/../lib/gcc/avr/5.4.0/../../../../avr/lib/avr5/memx-const\libc.a(__int_vfprintf.o)

.note.gnu.build-id
 *(.note.gnu.build-id)

.debug
 *(.debug)

.line
 *(.line)

.debug_srcinfo
 *(.debug_srcinfo)

.debug_sfnames
 *(.debug_sfnames)

.debug_aranges  0x0000000000000000      0x130
 *(.debug_aranges)
 .debug_aranges
                0x0000000000000000       0x28 build/default/production/main.o
 .debug_aranges
                0x0000000000000028       0x80 build/default/production/sab82532.o
 .debug_aranges
                0x00000000000000a8       0x60 build/default/production/rs232_ifc.o
 .debug_aranges
                0x0000000000000108       0x28 build/default/production/int0_drv.o

.debug_pubnames
 *(.debug_pubnames)

.debug_info     0x0000000000000000     0x2f23
 *(.debug_info .gnu.linkonce.wi.*)
 .debug_info    0x0000000000000000      0x5d0 C:/Program Files/Microchip/MPLABX/v6.00/packs/Microchip/ATmega_DFP/2.4.131/xc8/avr/lib/avr5/memx-const/crtatmega162.o
 .debug_info    0x00000000000005d0      0x600 build/default/production/main.o
 .debug_info    0x0000000000000bd0     0x1287 build/default/production/sab82532.o
 .debug_info    0x0000000000001e57      0xcac build/default/production/rs232_ifc.o
 .debug_info    0x0000000000002b03      0x420 build/default/production/int0_drv.o

.debug_abbrev   0x0000000000000000      0xd49
 *(.debug_abbrev)
 .debug_abbrev  0x0000000000000000      0x580 C:/Program Files/Microchip/MPLABX/v6.00/packs/Microchip/ATmega_DFP/2.4.131/xc8/avr/lib/avr5/memx-const/crtatmega162.o
 .debug_abbrev  0x0000000000000580      0x198 build/default/production/main.o
 .debug_abbrev  0x0000000000000718      0x283 build/default/production/sab82532.o
 .debug_abbrev  0x000000000000099b      0x2c2 build/default/production/rs232_ifc.o
 .debug_abbrev  0x0000000000000c5d       0xec build/default/production/int0_drv.o

.debug_line     0x0000000000000000     0x1253
 *(.debug_line .debug_line.* .debug_line_end)
 .debug_line    0x0000000000000000      0x143 C:/Program Files/Microchip/MPLABX/v6.00/packs/Microchip/ATmega_DFP/2.4.131/xc8/avr/lib/avr5/memx-const/crtatmega162.o
 .debug_line    0x0000000000000143      0x247 build/default/production/main.o
 .debug_line    0x000000000000038a      0x693 build/default/production/sab82532.o
 .debug_line    0x0000000000000a1d      0x721 build/default/production/rs232_ifc.o
 .debug_line    0x000000000000113e      0x115 build/default/production/int0_drv.o

.debug_frame    0x0000000000000000      0x6c0
 *(.debug_frame)
 .debug_frame   0x0000000000000000       0x6c build/default/production/main.o
 .debug_frame   0x000000000000006c      0x264 build/default/production/sab82532.o
 .debug_frame   0x00000000000002d0      0x330 build/default/production/rs232_ifc.o
 .debug_frame   0x0000000000000600       0xc0 build/default/production/int0_drv.o

.debug_str      0x0000000000000000      0x269
 *(.debug_str)
 .debug_str     0x0000000000000000      0x1f6 C:/Program Files/Microchip/MPLABX/v6.00/packs/Microchip/ATmega_DFP/2.4.131/xc8/avr/lib/avr5/memx-const/crtatmega162.o
 .debug_str     0x00000000000001f6       0x5d build/default/production/main.o
 .debug_str     0x0000000000000253       0x16 build/default/production/sab82532.o
 .debug_str     0x0000000000000269        0x0 build/default/production/rs232_ifc.o
 .debug_str     0x0000000000000269        0x0 build/default/production/int0_drv.o

.debug_loc      0x0000000000000000      0xc3d
 *(.debug_loc)
 .debug_loc     0x0000000000000000      0x1a4 build/default/production/main.o
 .debug_loc     0x00000000000001a4      0x944 build/default/production/sab82532.o
 .debug_loc     0x0000000000000ae8      0x155 build/default/production/rs232_ifc.o

.debug_macinfo
 *(.debug_macinfo)

.debug_weaknames
 *(.debug_weaknames)

.debug_funcnames
 *(.debug_funcnames)

.debug_typenames
 *(.debug_typenames)

.debug_varnames
 *(.debug_varnames)

.debug_pubtypes
 *(.debug_pubtypes)

.debug_ranges   0x0000000000000000      0x1e0
 *(.debug_ranges)
 .debug_ranges  0x0000000000000000       0x30 build/default/production/main.o
 .debug_ranges  0x0000000000000030       0xd0 build/default/production/sab82532.o
 .debug_ranges  0x0000000000000100       0xc8 build/default/production/rs232_ifc.o
 .debug_ranges  0x00000000000001c8       0x18 build/default/production/int0_drv.o

.debug_macro
 *(.debug_macro)
OUTPUT(dist/default/production/testavr162.X.production.elf elf32-avr)
LOAD linker stubs
LOAD data_init

.note.gnu.avr.deviceinfo
                0x0000000000000000       0x3c
 .note.gnu.avr.deviceinfo
                0x0000000000000000       0x3c C:/Program Files/Microchip/MPLABX/v6.00/packs/Microchip/ATmega_DFP/2.4.131/xc8/avr/lib/avr5/memx-const/crtatmega162.o

.bss.sabObj     0x0000000000800142       0x39
 .bss.sabObj    0x0000000000800142       0x39 build/default/production/sab82532.o
                0x0000000000800142                sabObj

.bss.cli_cmd_completed
                0x00000000008001bd        0x1
 .bss.cli_cmd_completed
                0x00000000008001bd        0x1 build/default/production/rs232_ifc.o
                0x00000000008001bd                cli_cmd_completed

.bss.cli_chrCounts
                0x00000000008001be        0x1
 .bss.cli_chrCounts
                0x00000000008001be        0x1 build/default/production/rs232_ifc.o
                0x00000000008001be                cli_chrCounts

.bss.cli_buffer
                0x0000000000800102       0x40
 .bss.cli_buffer
                0x0000000000800102       0x40 build/default/production/rs232_ifc.o
                0x0000000000800102                cli_buffer

.bss.__stdout   0x00000000008001bb        0x2
 .bss.__stdout  0x00000000008001bb        0x2 c:/program files/microchip/xc8/v2.35/avr/bin/../lib/gcc/avr/5.4.0/../../../../avr/lib/avr5/memx-const\libc.a(stdout.o)

.progmemx.data  0x0000000000000102       0x9a
 .progmemx.data
                0x0000000000000102       0x9a build/default/production/rs232_ifc.o

.progmemx.data  0x000000000000019c       0x1e
 .progmemx.data
                0x000000000000019c       0x1e build/default/production/int0_drv.o

.progmemx.data  0x00000000000001ba       0x16
 .progmemx.data
                0x00000000000001ba       0x16 build/default/production/main.o

.progmemx.data.state_table
                0x00000000000001d0       0x16
 .progmemx.data.state_table
                0x00000000000001d0       0x16 c:/program files/microchip/xc8/v2.35/avr/bin/../lib/gcc/avr/5.4.0/../../../../avr/lib/avr5/memx-const\libc.a(__printf_core.o)

.progmemx.data  0x00000000000001e6        0x7
 .progmemx.data
                0x00000000000001e6        0x7 c:/program files/microchip/xc8/v2.35/avr/bin/../lib/gcc/avr/5.4.0/../../../../avr/lib/avr5/memx-const\libc.a(__fmt_s.o)

.progmemx.data  0x00000000000001ed        0x6
 .progmemx.data
                0x00000000000001ed        0x6 c:/program files/microchip/xc8/v2.35/avr/bin/../lib/gcc/avr/5.4.0/../../../../avr/lib/avr5/memx-const\libc.a(__printf_core.o)

.text.CLI_Interface
                0x00000000000001f4      0xaa4
 .text.CLI_Interface
                0x00000000000001f4      0xaa4 build/default/production/rs232_ifc.o
                0x00000000000001f4                CLI_Interface

.text.__printf_core
                0x0000000000000c98      0x822
 .text.__printf_core
                0x0000000000000c98      0x822 c:/program files/microchip/xc8/v2.35/avr/bin/../lib/gcc/avr/5.4.0/../../../../avr/lib/avr5/memx-const\libc.a(__printf_core.o)
                0x0000000000000c98                __printf_core

.text.__fmt_x   0x00000000000014ba      0x280
 .text.__fmt_x  0x00000000000014ba      0x280 c:/program files/microchip/xc8/v2.35/avr/bin/../lib/gcc/avr/5.4.0/../../../../avr/lib/avr5/memx-const\libc.a(__fmt_x.o)
                0x00000000000014ba                __fmt_x_needed
                0x00000000000014ba                __fmt_x

.text.SAB82532_WaitCec
                0x000000000000173a      0x1f0
 .text.SAB82532_WaitCec
                0x000000000000173a      0x1f0 build/default/production/sab82532.o
                0x000000000000173a                SAB82532_WaitCec

.text.SAB82532_WaitTec
                0x000000000000192a      0x1f0
 .text.SAB82532_WaitTec
                0x000000000000192a      0x1f0 build/default/production/sab82532.o
                0x000000000000192a                SAB82532_WaitTec

.text.__fmt_d   0x0000000000001b1a      0x17e
 .text.__fmt_d  0x0000000000001b1a      0x17e c:/program files/microchip/xc8/v2.35/avr/bin/../lib/gcc/avr/5.4.0/../../../../avr/lib/avr5/memx-const\libc.a(__fmt_d.o)
                0x0000000000001b1a                __fmt_d
                0x0000000000001b1a                __fmt_d_needed

.text.__pop_int
                0x0000000000001c98      0x172
 .text.__pop_int
                0x0000000000001c98      0x172 c:/program files/microchip/xc8/v2.35/avr/bin/../lib/gcc/avr/5.4.0/../../../../avr/lib/avr5/memx-const\libc.a(__pop_int.o)
                0x0000000000001c98                __pop_int_needed
                0x0000000000001c98                __pop_int

.text.__cvt_u   0x0000000000001e0a      0x14a
 .text.__cvt_u  0x0000000000001e0a      0x14a c:/program files/microchip/xc8/v2.35/avr/bin/../lib/gcc/avr/5.4.0/../../../../avr/lib/avr5/memx-const\libc.a(__fmt_u.o)
                0x0000000000001e0a                __cvt_u

.text.Sys_Initialize
                0x0000000000001f54      0x132
 .text.Sys_Initialize
                0x0000000000001f54      0x132 build/default/production/main.o
                0x0000000000001f54                Sys_Initialize

.text.__pad     0x0000000000002086      0x10e
 .text.__pad    0x0000000000002086      0x10e c:/program files/microchip/xc8/v2.35/avr/bin/../lib/gcc/avr/5.4.0/../../../../avr/lib/avr5/memx-const\libc.a(__printf_core.o)
                0x0000000000002086                __pad

.text.SAB82532_xMemInitiailze
                0x0000000000002194       0xf4
 .text.SAB82532_xMemInitiailze
                0x0000000000002194       0xf4 build/default/production/sab82532.o
                0x0000000000002194                SAB82532_xMemInitiailze

.text           0x0000000000002288       0xde
 .text          0x0000000000002288       0xde c:/program files/microchip/xc8/v2.35/avr/bin/../lib/gcc/avr/5.4.0/../../../../avr/lib/avr5/memx-const\libm.a(divsf3x.o)
                0x0000000000002288                __divsf3x
                0x00000000000022b0                __divsf3_pse

.text.__pop_ptr
                0x0000000000002366       0xd8
 .text.__pop_ptr
                0x0000000000002366       0xd8 c:/program files/microchip/xc8/v2.35/avr/bin/../lib/gcc/avr/5.4.0/../../../../avr/lib/avr5/memx-const\libc.a(__pop_ptr.o)
                0x0000000000002366                __pop_ptr
                0x0000000000002366                __pop_ptr_needed

.text           0x000000000000243e       0xd4
 .text          0x000000000000243e       0xd4 c:/program files/microchip/xc8/v2.35/avr/bin/../lib/gcc/avr/5.4.0/../../../../avr/lib/avr5/memx-const\libm.a(mulsf3x.o)
                0x000000000000243e                __mulsf3x
                0x0000000000002464                __mulsf3_pse

.text.__fmt_o   0x0000000000002512       0xd4
 .text.__fmt_o  0x0000000000002512       0xd4 c:/program files/microchip/xc8/v2.35/avr/bin/../lib/gcc/avr/5.4.0/../../../../avr/lib/avr5/memx-const\libc.a(__fmt_o.o)
                0x0000000000002512                __fmt_o
                0x0000000000002512                __fmt_o_needed

.text.__fmt_s   0x00000000000025e6       0xca
 .text.__fmt_s  0x00000000000025e6       0xca c:/program files/microchip/xc8/v2.35/avr/bin/../lib/gcc/avr/5.4.0/../../../../avr/lib/avr5/memx-const\libc.a(__fmt_s.o)
                0x00000000000025e6                __fmt_s
                0x00000000000025e6                __fmt_0_needed
                0x00000000000025e6                __fmt_s_needed

.text.SAB82532_CalcEbrg
                0x00000000000026b0       0xc2
 .text.SAB82532_CalcEbrg
                0x00000000000026b0       0xc2 build/default/production/sab82532.o
                0x00000000000026b0                SAB82532_CalcEbrg

.text.__vector_1
                0x0000000000002772       0xb8
 .text.__vector_1
                0x0000000000002772       0xb8 build/default/production/int0_drv.o
                0x0000000000002772                __vector_1

.text.__fmt_u   0x000000000000282a       0xb0
 .text.__fmt_u  0x000000000000282a       0xb0 c:/program files/microchip/xc8/v2.35/avr/bin/../lib/gcc/avr/5.4.0/../../../../avr/lib/avr5/memx-const\libc.a(__fmt_u.o)
                0x000000000000282a                __fmt_u_needed
                0x000000000000282a                __fmt_u

.text.libgcc.div
                0x00000000000028da       0xa2
 .text.libgcc.div
                0x00000000000028da       0xa2 c:/program files/microchip/xc8/v2.35/avr/bin/../lib/gcc/avr/5.4.0/avr5/memx-const\libgcc.a(_udivmod64.o)
                0x00000000000028da                __udivmod64

.text.__fmt_state
                0x000000000000297c       0x9e
 .text.__fmt_state
                0x000000000000297c       0x9e c:/program files/microchip/xc8/v2.35/avr/bin/../lib/gcc/avr/5.4.0/../../../../avr/lib/avr5/memx-const\libc.a(__printf_core.o)
                0x000000000000297c                __fmt_state

.text.fputc     0x0000000000002a1a       0x92
 .text.fputc    0x0000000000002a1a       0x92 c:/program files/microchip/xc8/v2.35/avr/bin/../lib/gcc/avr/5.4.0/../../../../avr/lib/avr5/memx-const\libc.a(fputc.o)
                0x0000000000002a1a                fputc
                0x0000000000002a1a                putc

.text.main      0x0000000000002aac       0x90
 .text.main     0x0000000000002aac       0x90 build/default/production/main.o
                0x0000000000002aac                main

.text.atoi      0x0000000000002b3c       0x90
 .text.atoi     0x0000000000002b3c       0x90 c:/program files/microchip/xc8/v2.35/avr/bin/../lib/gcc/avr/5.4.0/../../../../avr/lib/avr5/memx-const\libc.a(atoi.o)
                0x0000000000002b3c                atoi

.text.SAB82532_xMemSetUp
                0x0000000000002bcc       0x82
 .text.SAB82532_xMemSetUp
                0x0000000000002bcc       0x82 build/default/production/sab82532.o
                0x0000000000002bcc                SAB82532_xMemSetUp

.text.SAB82532_xMemTxIdle
                0x0000000000002c4e       0x6c
 .text.SAB82532_xMemTxIdle
                0x0000000000002c4e       0x6c build/default/production/sab82532.o
                0x0000000000002c4e                SAB82532_xMemTxIdle

.text.RS232_Initialize
                0x0000000000002cba       0x6c
 .text.RS232_Initialize
                0x0000000000002cba       0x6c build/default/production/rs232_ifc.o
                0x0000000000002cba                RS232_Initialize

.text.__out     0x0000000000002d26       0x68
 .text.__out    0x0000000000002d26       0x68 c:/program files/microchip/xc8/v2.35/avr/bin/../lib/gcc/avr/5.4.0/../../../../avr/lib/avr5/memx-const\libc.a(__printf_core.o)
                0x0000000000002d26                __out

.text           0x0000000000002d8e       0x5e
 .text          0x0000000000002d8e       0x5e c:/program files/microchip/xc8/v2.35/avr/bin/../lib/gcc/avr/5.4.0/../../../../avr/lib/avr5/memx-const\libm.a(fixunssfsi.o)
                0x0000000000002d8e                __fixunssfsi

.text.SAB82532_xMemGetCChar
                0x0000000000002dec       0x5c
 .text.SAB82532_xMemGetCChar
                0x0000000000002dec       0x5c build/default/production/sab82532.o
                0x0000000000002dec                SAB82532_xMemGetCChar

.text.__vector_19
                0x0000000000002e48       0x54
 .text.__vector_19
                0x0000000000002e48       0x54 build/default/production/rs232_ifc.o
                0x0000000000002e48                __vector_19

.text.SAB82532_TransmitFifo
                0x0000000000002e9c       0x4e
 .text.SAB82532_TransmitFifo
                0x0000000000002e9c       0x4e build/default/production/sab82532.o
                0x0000000000002e9c                SAB82532_TransmitFifo

.text           0x0000000000002eea       0x48
 .text          0x0000000000002eea       0x48 c:/program files/microchip/xc8/v2.35/avr/bin/../lib/gcc/avr/5.4.0/../../../../avr/lib/avr5/memx-const\libm.a(fp_cmp.o)
                0x0000000000002eea                __fp_cmp

.text           0x0000000000002f32       0x44
 .text          0x0000000000002f32       0x44 c:/program files/microchip/xc8/v2.35/avr/bin/../lib/gcc/avr/5.4.0/../../../../avr/lib/avr5/memx-const\libm.a(fp_split3.o)
                0x0000000000002f32                __fp_split3
                0x0000000000002f42                __fp_splitA

.text.libgcc.div
                0x0000000000002f76       0x44
 .text.libgcc.div
                0x0000000000002f76       0x44 c:/program files/microchip/xc8/v2.35/avr/bin/../lib/gcc/avr/5.4.0/avr5/memx-const\libgcc.a(_udivmodsi4.o)
                0x0000000000002f76                __udivmodsi4

.text.__pop_float
                0x0000000000002fba       0x40
 .text.__pop_float
                0x0000000000002fba       0x40 c:/program files/microchip/xc8/v2.35/avr/bin/../lib/gcc/avr/5.4.0/../../../../avr/lib/avr5/memx-const\libc.a(__pop_float.o)
                0x0000000000002fba                __pop_float_needed
                0x0000000000002fba                __pop_float

.text.libgcc.builtins
                0x0000000000002ffa       0x3c
 .text.libgcc.builtins
                0x0000000000002ffa       0x3c c:/program files/microchip/xc8/v2.35/avr/bin/../lib/gcc/avr/5.4.0/avr5/memx-const\libgcc.a(_ashrdi3.o)
                0x0000000000002ffa                __ashrdi3
                0x0000000000002ffe                __lshrdi3

.text.libgcc.prologue
                0x0000000000003036       0x38
 .text.libgcc.prologue
                0x0000000000003036       0x38 c:/program files/microchip/xc8/v2.35/avr/bin/../lib/gcc/avr/5.4.0/avr5/memx-const\libgcc.a(_prologue.o)
                0x0000000000003036                __prologue_saves__

.text.libgcc.prologue
                0x000000000000306e       0x36
 .text.libgcc.prologue
                0x000000000000306e       0x36 c:/program files/microchip/xc8/v2.35/avr/bin/../lib/gcc/avr/5.4.0/avr5/memx-const\libgcc.a(_epilogue.o)
                0x000000000000306e                __epilogue_restores__

.text.__wrap_printf
                0x00000000000030a4       0x32
 .text.__wrap_printf
                0x00000000000030a4       0x32 c:/program files/microchip/xc8/v2.35/avr/bin/../lib/gcc/avr/5.4.0/../../../../avr/lib/avr5/memx-const\libc.a(__sio_printf_dosux.o)
                0x00000000000030a4                _printf_cdnopsuxX

.text.memcpy    0x00000000000030d6       0x32
 .text.memcpy   0x00000000000030d6       0x32 c:/program files/microchip/xc8/v2.35/avr/bin/../lib/gcc/avr/5.4.0/../../../../avr/lib/avr5/memx-const\libc.a(memcpy.o)
                0x00000000000030d6                memcpy

.text.__vfprintf
                0x0000000000003108       0x30
 .text.__vfprintf
                0x0000000000003108       0x30 c:/program files/microchip/xc8/v2.35/avr/bin/../lib/gcc/avr/5.4.0/../../../../avr/lib/avr5/memx-const\libc.a(__int_vfprintf.o)
                0x0000000000003108                __vfprintf

.text.SAB82532_xMemPutTChar
                0x0000000000003138       0x2c
 .text.SAB82532_xMemPutTChar
                0x0000000000003138       0x2c build/default/production/sab82532.o
                0x0000000000003138                SAB82532_xMemPutTChar

.text.strlen    0x0000000000003164       0x2c
 .text.strlen   0x0000000000003164       0x2c c:/program files/microchip/xc8/v2.35/avr/bin/../lib/gcc/avr/5.4.0/../../../../avr/lib/avr5/memx-const\libc.a(strlen.o)
                0x0000000000003164                strlen

.text.hex2Byte  0x0000000000003190       0x2a
 .text.hex2Byte
                0x0000000000003190       0x2a build/default/production/rs232_ifc.o
                0x0000000000003190                hex2Byte

.text.SAB82532_xMemFlushFifo
                0x00000000000031ba       0x28
 .text.SAB82532_xMemFlushFifo
                0x00000000000031ba       0x28 build/default/production/sab82532.o
                0x00000000000031ba                SAB82532_xMemFlushFifo

.text.libgcc.div
                0x00000000000031e2       0x28
 .text.libgcc.div
                0x00000000000031e2       0x28 c:/program files/microchip/xc8/v2.35/avr/bin/../lib/gcc/avr/5.4.0/avr5/memx-const\libgcc.a(_divmodhi4.o)
                0x00000000000031e2                _div
                0x00000000000031e2                __divmodhi4

.text.libgcc.div
                0x000000000000320a       0x28
 .text.libgcc.div
                0x000000000000320a       0x28 c:/program files/microchip/xc8/v2.35/avr/bin/../lib/gcc/avr/5.4.0/avr5/memx-const\libgcc.a(_udivmodhi4.o)
                0x000000000000320a                __udivmodhi4

.text           0x0000000000003232       0x22
 .text          0x0000000000003232       0x22 c:/program files/microchip/xc8/v2.35/avr/bin/../lib/gcc/avr/5.4.0/../../../../avr/lib/avr5/memx-const\libm.a(fp_round.o)
                0x0000000000003232                __fp_round

.text.SAB82532_xMemPutFChar
                0x0000000000003254       0x20
 .text.SAB82532_xMemPutFChar
                0x0000000000003254       0x20 build/default/production/sab82532.o
                0x0000000000003254                SAB82532_xMemPutFChar

.text.libgcc    0x0000000000003274       0x20
 .text.libgcc   0x0000000000003274       0x20 c:/program files/microchip/xc8/v2.35/avr/bin/../lib/gcc/avr/5.4.0/avr5/memx-const\libgcc.a(_negdi2.o)
                0x0000000000003274                __negdi2

.text.libgcc.div
                0x0000000000003294       0x1c
 .text.libgcc.div
                0x0000000000003294       0x1c c:/program files/microchip/xc8/v2.35/avr/bin/../lib/gcc/avr/5.4.0/avr5/memx-const\libgcc.a(_udivdi3.o)
                0x0000000000003294                __umoddi3
                0x0000000000003298                __udivdi3
                0x000000000000329a                __udivdi3_umoddi3

.text.libgcc    0x00000000000032b0       0x1a
 .text.libgcc   0x00000000000032b0       0x1a c:/program files/microchip/xc8/v2.35/avr/bin/../lib/gcc/avr/5.4.0/avr5/memx-const\libgcc.a(_movmemx.o)
                0x00000000000032b0                __movmemx_qi
                0x00000000000032b2                __movmemx_hi

.text.libgcc    0x00000000000032ca       0x18
 .text.libgcc   0x00000000000032ca       0x18 c:/program files/microchip/xc8/v2.35/avr/bin/../lib/gcc/avr/5.4.0/avr5/memx-const\libgcc.a(_cmpdi2_s8.o)
                0x00000000000032ca                __cmpdi2_s8

.text.exit      0x00000000000032e2       0x16
 .text.exit     0x00000000000032e2       0x16 c:/program files/microchip/xc8/v2.35/avr/bin/../lib/gcc/avr/5.4.0/../../../../avr/lib/avr5/memx-const\libc.a(exit.o)
                0x00000000000032e2                exit

.text.memset    0x00000000000032f8       0x12
 .text.memset   0x00000000000032f8       0x12 c:/program files/microchip/xc8/v2.35/avr/bin/../lib/gcc/avr/5.4.0/../../../../avr/lib/avr5/memx-const\libc.a(memset.o)
                0x00000000000032f8                memset

.text.toupper   0x000000000000330a       0x12
 .text.toupper  0x000000000000330a       0x12 c:/program files/microchip/xc8/v2.35/avr/bin/../lib/gcc/avr/5.4.0/../../../../avr/lib/avr5/memx-const\libc.a(toupper.o)
                0x000000000000330a                toupper

.text.RS232_StreamWriteChar
                0x000000000000331c       0x10
 .text.RS232_StreamWriteChar
                0x000000000000331c       0x10 build/default/production/rs232_ifc.o
                0x000000000000331c                RS232_StreamWriteChar

.text.tolower   0x000000000000332c       0x10
 .text.tolower  0x000000000000332c       0x10 c:/program files/microchip/xc8/v2.35/avr/bin/../lib/gcc/avr/5.4.0/../../../../avr/lib/avr5/memx-const\libc.a(tolower.o)
                0x000000000000332c                tolower

.text.INT0_Initialize
                0x000000000000333c        0xe
 .text.INT0_Initialize
                0x000000000000333c        0xe build/default/production/int0_drv.o
                0x000000000000333c                INT0_Initialize

.text           0x000000000000334a        0xe
 .text          0x000000000000334a        0xe c:/program files/microchip/xc8/v2.35/avr/bin/../lib/gcc/avr/5.4.0/../../../../avr/lib/avr5/memx-const\libm.a(fp_pscA.o)
                0x000000000000334a                __fp_pscA

.text           0x0000000000003358        0xe
 .text          0x0000000000003358        0xe c:/program files/microchip/xc8/v2.35/avr/bin/../lib/gcc/avr/5.4.0/../../../../avr/lib/avr5/memx-const\libm.a(fp_pscB.o)
                0x0000000000003358                __fp_pscB

.text           0x0000000000003366        0xe
 .text          0x0000000000003366        0xe c:/program files/microchip/xc8/v2.35/avr/bin/../lib/gcc/avr/5.4.0/../../../../avr/lib/avr5/memx-const\libm.a(fp_zero.o)
                0x0000000000003366                __fp_zero
                0x0000000000003368                __fp_szero

.text           0x0000000000003374        0xc
 .text          0x0000000000003374        0xc c:/program files/microchip/xc8/v2.35/avr/bin/../lib/gcc/avr/5.4.0/../../../../avr/lib/avr5/memx-const\libm.a(fp_inf.o)
                0x0000000000003374                __fp_inf

.text.libgcc    0x0000000000003380        0xc
 .text.libgcc   0x0000000000003380        0xc c:/program files/microchip/xc8/v2.35/avr/bin/../lib/gcc/avr/5.4.0/avr5/memx-const\libgcc.a(_tablejump2.o)
                0x0000000000003380                __tablejump2__

.text           0x000000000000338c        0xa
 .text          0x000000000000338c        0xa c:/program files/microchip/xc8/v2.35/avr/bin/../lib/gcc/avr/5.4.0/../../../../avr/lib/avr5/memx-const\libm.a(cmpsf2.o)
                0x000000000000338c                __nesf2
                0x000000000000338c                __eqsf2
                0x000000000000338c                __cmpsf2
                0x000000000000338c                __ltsf2
                0x000000000000338c                __lesf2

.text           0x0000000000003396        0xa
 .text          0x0000000000003396        0xa c:/program files/microchip/xc8/v2.35/avr/bin/../lib/gcc/avr/5.4.0/../../../../avr/lib/avr5/memx-const\libm.a(gesf2.o)
                0x0000000000003396                __gesf2
                0x0000000000003396                __gtsf2

.text           0x00000000000033a0        0x8
 .text          0x00000000000033a0        0x8 c:/program files/microchip/xc8/v2.35/avr/bin/../lib/gcc/avr/5.4.0/../../../../avr/lib/avr5/memx-const\libm.a(divsf3.o)
                0x00000000000033a0                __divsf3

.text           0x00000000000033a8        0x8
 .text          0x00000000000033a8        0x8 c:/program files/microchip/xc8/v2.35/avr/bin/../lib/gcc/avr/5.4.0/../../../../avr/lib/avr5/memx-const\libm.a(mulsf3.o)
                0x00000000000033a8                __mulsf3

.text           0x00000000000033b0        0x6
 .text          0x00000000000033b0        0x6 c:/program files/microchip/xc8/v2.35/avr/bin/../lib/gcc/avr/5.4.0/../../../../avr/lib/avr5/memx-const\libm.a(fp_nan.o)
                0x00000000000033b0                __fp_nan

.text.__dummy_fmt4
                0x00000000000033b6        0x6
 .text.__dummy_fmt4
                0x00000000000033b6        0x6 c:/program files/microchip/xc8/v2.35/avr/bin/../lib/gcc/avr/5.4.0/../../../../avr/lib/avr5/memx-const\libc.a(__printf_core.o)
                0x00000000000033b6                __fmt_fp
                0x00000000000033b6                __fmt_a

.text           0x00000000000033bc        0x4
 .text          0x00000000000033bc        0x4 C:/Program Files/Microchip/MPLABX/v6.00/packs/Microchip/ATmega_DFP/2.4.131/xc8/avr/lib/avr5/memx-const/crtatmega162.o
                0x00000000000033bc                __vector_22
                0x00000000000033bc                __vector_24
                0x00000000000033bc                __vector_12
                0x00000000000033bc                __bad_interrupt
                0x00000000000033bc                __vector_6
                0x00000000000033bc                __vector_3
                0x00000000000033bc                __vector_23
                0x00000000000033bc                __vector_25
                0x00000000000033bc                __vector_11
                0x00000000000033bc                __vector_13
                0x00000000000033bc                __vector_17
                0x00000000000033bc                __vector_7
                0x00000000000033bc                __vector_27
                0x00000000000033bc                __vector_5
                0x00000000000033bc                __vector_4
                0x00000000000033bc                __vector_9
                0x00000000000033bc                __vector_2
                0x00000000000033bc                __vector_21
                0x00000000000033bc                __vector_15
                0x00000000000033bc                __vector_8
                0x00000000000033bc                __vector_26
                0x00000000000033bc                __vector_14
                0x00000000000033bc                __vector_10
                0x00000000000033bc                __vector_16
                0x00000000000033bc                __vector_18
                0x00000000000033bc                __vector_20

.text._Exit     0x00000000000033c0        0x4
 .text._Exit    0x00000000000033c0        0x4 c:/program files/microchip/xc8/v2.35/avr/bin/../lib/gcc/avr/5.4.0/../../../../avr/lib/avr5/memx-const\libc.a(_Exit.o)
                0x00000000000033c0                _Exit

.text.__dummy_fini
                0x00000000000033c4        0x2
 .text.__dummy_fini
                0x00000000000033c4        0x2 c:/program files/microchip/xc8/v2.35/avr/bin/../lib/gcc/avr/5.4.0/../../../../avr/lib/avr5/memx-const\libc.a(exit.o)
                0x00000000000033c4                _fini

.text.__dummy_funcs_on_exit
                0x00000000000033c6        0x2
 .text.__dummy_funcs_on_exit
                0x00000000000033c6        0x2 c:/program files/microchip/xc8/v2.35/avr/bin/../lib/gcc/avr/5.4.0/../../../../avr/lib/avr5/memx-const\libc.a(exit.o)
                0x00000000000033c6                __funcs_on_exit

.text.__dummy_simulator_exit
                0x00000000000033c8        0x2
 .text.__dummy_simulator_exit
                0x00000000000033c8        0x2 c:/program files/microchip/xc8/v2.35/avr/bin/../lib/gcc/avr/5.4.0/../../../../avr/lib/avr5/memx-const\libc.a(exit.o)
                0x00000000000033c8                __simulator_exit

.data.reg_name  0x000000000080017b       0x24 load address 0x00000000000033ca
 .data.reg_name
                0x000000000080017b       0x24 build/default/production/rs232_ifc.o
                0x000000000080017b                reg_name

.data.RS232STREAM_wr
                0x000000000080019f       0x11 load address 0x00000000000033ee
 .data.RS232STREAM_wr
                0x000000000080019f       0x11 build/default/production/rs232_ifc.o
                0x000000000080019f                RS232STREAM_wr

.data.ok_err_str
                0x00000000008001b0        0x6 load address 0x00000000000033ff
 .data.ok_err_str
                0x00000000008001b0        0x6 build/default/production/rs232_ifc.o
                0x00000000008001b0                ok_err_str

.data.nwline    0x00000000008001b6        0x3 load address 0x0000000000003405
 .data.nwline   0x00000000008001b6        0x3 build/default/production/rs232_ifc.o
                0x00000000008001b6                nwline

.data._stdout   0x00000000008001b9        0x2 load address 0x0000000000003408
 .data._stdout  0x00000000008001b9        0x2 c:/program files/microchip/xc8/v2.35/avr/bin/../lib/gcc/avr/5.4.0/../../../../avr/lib/avr5/memx-const\libc.a(stdout.o)
                0x00000000008001b9                _stdout
